<label key="item1">Item 1</label>
<label key="item2">Item 2</label>
<label key="item3">Item 3 = something</label>