<group2
	jcr:title="group2"
	jcr:primaryType="nt:unstructured"
	item2="Item 2"
	item3="Item 3 = something"
	item1="Item 1"
/>
<group1
	jcr:title="group1"
	jcr:primaryType="nt:unstructured"
	item1="Item 1"
	item2="Item 2"
	item3="Item 3 = something"
/>