<group2
	item2="Item 2"
	item3="Item 3 = something"
	item1="Item 1"
/>
<group1
	item1="Item 1"
	item2="Item 2"
	item3="Item 3 = something"
/>